SQL> ;
SP2-0223: No lines in SQL buffer.
SQL> REM 1
SQL> CREATE TABLE TITULACION
  2  (T VARCHAR2(60),
  3  FAC VARCHAR2(5));

Table created.

SQL> REM RESPUESTA: HE ELEGIDO EL TIPO DE DATOS VARCHAR2 PORQUE AMBAS SERAN CADENAS DE CARACTERES. EN EL PRIMER CASO LE PUSE UNA LONGITUD DE 60 YA QUE ME PARECE UN RANGO MAS QUE ACEPTABLE PARA EL NOMBRE Y EN EL SEGUNDO CASO PUSE 5 PORQUE EL NOMBRE DE LA FACULTAD SERA ABREVIADO (POR EJEMPLO, LA FACULTAD DE FISICA Y MATEMATICA SE ABREVIARIA COMO FFM, LA ESCUELA TECNICA SUPERIOR DE INGENIERIA INFORMATICA COMO ETSII, ETC.)
SQL> 
SQL> 
SQL> 
SQL> REM 2
SQL> ALTER TABLE TITULACION
  2  MODIFY (T VARCHAR2(3));

Table altered.

SQL> REM HE DECIDIDO CAMBIAR EL TAMACO AL VER QUE SE VA A RELLENAR CON LAS TITULACIONES DE LA TABLA ASIGNATURA QUE ESTAN LOS NOMBRE ABREVIADOS
SQL> ALTER TABLE TITULACION
  2  MODIFY (T VARCHAR2(4));

Table altered.

SQL> ALTER TABLE TITULACION
  2  MODIFY (T VARCHAR2(4) PRIMARY KEY);

Table altered.

SQL> 
SQL> 
SQL> REM 2
SQL> INSERT INTO TITULACION(T)
  2  SELECT T
  3  
SQL> 
SQL> INSERT INTO TITULACION(T)
  2  SELECT DISTINCT T
  3  FROM ASIGNATURA;

4 rows created.

SQL> 
SQL> 
SQL> 
SQL> REM 3
SQL> SELECT * FROM TITULACION;

T    FAC                                                                        
---- -----                                                                      
GF                                                                              
GM                                                                              
GII                                                                             
MII                                                                             

SQL> 
SQL> 
SQL> REM 4
SQL> UPDATE TITULACION
  2  SET FAC = &FACULTAD
  3  WHERE T = &TITULACION;
Enter value for facultad: FF
old   2: SET FAC = &FACULTAD
new   2: SET FAC = FF
Enter value for titulacion: GF
old   3: WHERE T = &TITULACION
new   3: WHERE T = GF
WHERE T = GF
          *
ERROR at line 3:
ORA-00904: "GF": invalid identifier 


SQL> UPDATE TITULACION
  2  SET FAC = &FACULTAD
  3  WHERE T = &TITULACION;
Enter value for facultad: 'FF'
old   2: SET FAC = &FACULTAD
new   2: SET FAC = 'FF'
Enter value for titulacion: 'GF'
old   3: WHERE T = &TITULACION
new   3: WHERE T = 'GF'

0 rows updated.

SQL> SELECT * FROM TITULACION
  2  ;

T    FAC                                                                        
---- -----                                                                      
GF                                                                              
GM                                                                              
GII                                                                             
MII                                                                             

SQL> UPDATE TITULACION
  2  SET FAC = &FACULTAD
  3  WHERE T = &TITULACION;
Enter value for facultad: 'FF'
old   2: SET FAC = &FACULTAD
new   2: SET FAC = 'FF'
Enter value for titulacion: 'GF'
old   3: WHERE T = &TITULACION
new   3: WHERE T = 'GF'

0 rows updated.

SQL> UPDATE TITULACION
  2  SELECT * FROM TITULACION
  3  
SQL> RUN
  1  UPDATE TITULACION
  2* SELECT * FROM TITULACION
SELECT * FROM TITULACION
*
ERROR at line 2:
ORA-00971: missing SET keyword 


SQL> UPDATE TITULACION
  2  SET FAC = &FACULTAD
  3  WHERE T = &TITULACION;
Enter value for facultad: 'FF'
old   2: SET FAC = &FACULTAD
new   2: SET FAC = 'FF'
Enter value for titulacion: 'GF  '
old   3: WHERE T = &TITULACION
new   3: WHERE T = 'GF  '

1 row updated.

SQL> RUN
  1  UPDATE TITULACION
  2  SET FAC = &FACULTAD
  3* WHERE T = &TITULACION
Enter value for facultad: 'FM'
old   2: SET FAC = &FACULTAD
new   2: SET FAC = 'FM'
Enter value for titulacion: 'GM  '
old   3: WHERE T = &TITULACION
new   3: WHERE T = 'GM  '

1 row updated.

SQL> RUN
  1  UPDATE TITULACION
  2  SET FAC = &FACULTAD
  3* WHERE T = &TITULACION
Enter value for facultad: 'FI'
old   2: SET FAC = &FACULTAD
new   2: SET FAC = 'FI'
Enter value for titulacion: 'GII '
old   3: WHERE T = &TITULACION
new   3: WHERE T = 'GII '

1 row updated.

SQL> RUN
  1  UPDATE TITULACION
  2  SET FAC = &FACULTAD
  3* WHERE T = &TITULACION
Enter value for facultad: 'FMEC'
old   2: SET FAC = &FACULTAD
new   2: SET FAC = 'FMEC'
Enter value for titulacion: 'MII '
old   3: WHERE T = &TITULACION
new   3: WHERE T = 'MII '

1 row updated.

SQL> SELECT * FROM TITULACION;

T    FAC                                                                        
---- -----                                                                      
GF   FF                                                                         
GM   FM                                                                         
GII  FI                                                                         
MII  FMEC                                                                       

SQL> 
SQL> CREATE SYNONYM TIT  FOR TITULACION;

Synonym created.

SQL> REM 5
SQL> CREATE SYNONYM TIT  FOR TITULACION;
CREATE SYNONYM TIT  FOR TITULACION
               *
ERROR at line 1:
ORA-00955: name is already used by an existing object 


SQL> 
SQL> 
SQL> REM 6
SQL> SELECT * FROM TIT;

T    FAC                                                                        
---- -----                                                                      
GF   FF                                                                         
GM   FM                                                                         
GII  FI                                                                         
MII  FMEC                                                                       

SQL> 
SQL> 
SQL> 
SQL> REM 7
SQL> ALTER TABLE ASIGNATURA
  2  ADD CONSTRAINT FK_ASIGNATURA_TITULACION REFERENCES TITULACION ON DELETE CASCADE;
ADD CONSTRAINT FK_ASIGNATURA_TITULACION REFERENCES TITULACION ON DELETE CASCADE
                                                              *
ERROR at line 2:
ORA-01735: invalid ALTER TABLE option 


SQL> ALTER TABLE ASIGNATURA
  2  ADD (CONSTRAINT FK_ASIGNATURA_TITULACION REFERENCES TITULACION ON DELETE CASCADE);
ADD (CONSTRAINT FK_ASIGNATURA_TITULACION REFERENCES TITULACION ON DELETE CASCADE)
                                                               *
ERROR at line 2:
ORA-00907: missing right parenthesis 


SQL> ALTER TABLE ASIGNATURA
  2  ALTER TABLE ASIGNATURA
  3  
SQL> 
SQL> ALTER TABLE ASIGNATURA
  2  ADD (T CONSTRAINT FK_ASIGNATURA_TITULACION REFERENCES TITULACION ON DELETE CASCADE);
ADD (T CONSTRAINT FK_ASIGNATURA_TITULACION REFERENCES TITULACION ON DELETE CASCADE)
     *
ERROR at line 2:
ORA-01430: column being added already exists in table 


SQL> ALTER TABLE ASIGNATURA
  2  ALTER TABLE ASIGNATURA
  3  
SQL> 
SQL> ALTER TABLE ASIGNATURA
  2  MODIFY (T CONSTRAINT FK_ASIGNATURA_TITULACION REFERENCES TITULACION ON DELETE CASCADE);
MODIFY (T CONSTRAINT FK_ASIGNATURA_TITULACION REFERENCES TITULACION ON DELETE CASCADE)
        *
ERROR at line 2:
ORA-02267: column type incompatible with referenced column type 


SQL> ALTER TABLE ASIGNATURA
  2  MODIFY (T VARCHAR2(4) CONSTRAINT FK_ASIGNATURA_TITULACION REFERENCES TITULACION ON DELETE CASCADE);

Table altered.

SQL> REM PRUEBA
SQL> INSERT INTO ASIGNATURA VALUES (1,'AA','RF',3,3,1.5,1.5,3);
INSERT INTO ASIGNATURA VALUES (1,'AA','RF',3,3,1.5,1.5,3)
*
ERROR at line 1:
ORA-00001: unique constraint (ALU0100956269.SYS_C0018244) violated 


SQL> 
SQL> 
SQL> 
SQL> REM 8
SQL> ALTER TABLE TIT
  2  MODIFY (T VARCHAR2(6));
ALTER TABLE TIT
*
ERROR at line 1:
ORA-00942: table or view does not exist 


SQL> ALTER TABLE TITULACION
  2  MODIFY (T VARCHAR2(6));

Table altered.

SQL> 
SQL> 
SQL> 
SQL> 
SQL> REM 9
SQL> CREATE VIEW VISTA1(CAS,A,T,CUR,CAR)
  2  AS ASIGNATURA;
AS ASIGNATURA
   *
ERROR at line 2:
ORA-00928: missing SELECT keyword 


SQL> CREATE VIEW VISTA1
  2  AS (SELECT CAS,A,T,CUR,CAR
  3  FROM ASIGNATURA);

View created.

SQL> 
SQL> 
SQL> REM 10
SQL> SELECT * FROM VISTA1;

       CAS A                                                  T           CUR   
---------- -------------------------------------------------- ---- ----------   
       CAR                                                                      
----------                                                                      
         1 BASE DE DATOS                                      GII           3   
         7                                                                      
                                                                                
         2 INTELIGENCIA ARTIFICIAL                            GII           3   
         4                                                                      
                                                                                
         3 ALMACENES DE DATOS                                 MII           1   
         7                                                                      
                                                                                

       CAS A                                                  T           CUR   
---------- -------------------------------------------------- ---- ----------   
       CAR                                                                      
----------                                                                      
         4 MINERIA DE DATOS                                   MII           1   
         7                                                                      
                                                                                
         5 INFORMATICA BASICA                                 GII           1   
         7                                                                      
                                                                                
         6 ALGEBRA                                            GII           1   
         1                                                                      
                                                                                

       CAS A                                                  T           CUR   
---------- -------------------------------------------------- ---- ----------   
       CAR                                                                      
----------                                                                      
         7 CALCULO                                            GII           1   
         8                                                                      
                                                                                
         8 OPTIMIZACION                                       GII           1   
         6                                                                      
                                                                                
         9 GESTION DE RIESGOS                                 GII           3   
         4                                                                      
                                                                                

       CAS A                                                  T           CUR   
---------- -------------------------------------------------- ---- ----------   
       CAR                                                                      
----------                                                                      
        10 ASTRONOMIA                                         GF            2   
         3                                                                      
                                                                                
        11 ENSEANZA DE LA MATEMATICA                          GM            2   
         5                                                                      
                                                                                
        12 ANALISIS COMPLEJO                                  GM            4   
         2                                                                      
                                                                                

12 rows selected.

SQL> 
SQL> 
SQL> 
SQL> 
SQL> 
SQL> REM 11
SQL> INSERT INTO VISTA1
  2  VALUES(13,'ESTADISTICA', 'GII',3,7);
INSERT INTO VISTA1
*
ERROR at line 1:
ORA-02291: integrity constraint (ALU0100956269.FK_ASIGNATURA_TITULACION) 
violated - parent key not found 


SQL> INSERT INTO VISTA1
  2  VALUES(13,'ESTADISTICA', 'GII ',3,7);

1 row created.

SQL> 
SQL> 
SQL> 
SQL> REM 12
SQL> SELECT * FROM VISTA1;

       CAS A                                                  T           CUR   
---------- -------------------------------------------------- ---- ----------   
       CAR                                                                      
----------                                                                      
         1 BASE DE DATOS                                      GII           3   
         7                                                                      
                                                                                
         2 INTELIGENCIA ARTIFICIAL                            GII           3   
         4                                                                      
                                                                                
         3 ALMACENES DE DATOS                                 MII           1   
         7                                                                      
                                                                                

       CAS A                                                  T           CUR   
---------- -------------------------------------------------- ---- ----------   
       CAR                                                                      
----------                                                                      
         4 MINERIA DE DATOS                                   MII           1   
         7                                                                      
                                                                                
         5 INFORMATICA BASICA                                 GII           1   
         7                                                                      
                                                                                
         6 ALGEBRA                                            GII           1   
         1                                                                      
                                                                                

       CAS A                                                  T           CUR   
---------- -------------------------------------------------- ---- ----------   
       CAR                                                                      
----------                                                                      
         7 CALCULO                                            GII           1   
         8                                                                      
                                                                                
         8 OPTIMIZACION                                       GII           1   
         6                                                                      
                                                                                
         9 GESTION DE RIESGOS                                 GII           3   
         4                                                                      
                                                                                

       CAS A                                                  T           CUR   
---------- -------------------------------------------------- ---- ----------   
       CAR                                                                      
----------                                                                      
        10 ASTRONOMIA                                         GF            2   
         3                                                                      
                                                                                
        11 ENSEANZA DE LA MATEMATICA                          GM            2   
         5                                                                      
                                                                                
        12 ANALISIS COMPLEJO                                  GM            4   
         2                                                                      
                                                                                

       CAS A                                                  T           CUR   
---------- -------------------------------------------------- ---- ----------   
       CAR                                                                      
----------                                                                      
        13 ESTADISTICA                                        GII           3   
         7                                                                      
                                                                                

13 rows selected.

SQL> 
SQL> 
SQL> 
SQL> 
SQL> REM 13
SQL> SELECT * FROM ASIGNATURA;

       CAS A                                                  T           CUR   
---------- -------------------------------------------------- ---- ----------   
       CAR         CT         CP         CL                                     
---------- ---------- ---------- ----------                                     
         1 BASE DE DATOS                                      GII           3   
         7          3        1.5        1.5                                     
                                                                                
         2 INTELIGENCIA ARTIFICIAL                            GII           3   
         4        1.5        1.5          3                                     
                                                                                
         3 ALMACENES DE DATOS                                 MII           1   
         7        1.5          0        1.5                                     
                                                                                

       CAS A                                                  T           CUR   
---------- -------------------------------------------------- ---- ----------   
       CAR         CT         CP         CL                                     
---------- ---------- ---------- ----------                                     
         4 MINERIA DE DATOS                                   MII           1   
         7        1.5          0        1.5                                     
                                                                                
         5 INFORMATICA BASICA                                 GII           1   
         7          3        1.5        1.5                                     
                                                                                
         6 ALGEBRA                                            GII           1   
         1          3          3          0                                     
                                                                                

       CAS A                                                  T           CUR   
---------- -------------------------------------------------- ---- ----------   
       CAR         CT         CP         CL                                     
---------- ---------- ---------- ----------                                     
         7 CALCULO                                            GII           1   
         8          3          3          0                                     
                                                                                
         8 OPTIMIZACION                                       GII           1   
         6          3        1.5        1.5                                     
                                                                                
         9 GESTION DE RIESGOS                                 GII           3   
         4          3          0          3                                     
                                                                                

       CAS A                                                  T           CUR   
---------- -------------------------------------------------- ---- ----------   
       CAR         CT         CP         CL                                     
---------- ---------- ---------- ----------                                     
        10 ASTRONOMIA                                         GF            2   
         3          3        1.5        1.5                                     
                                                                                
        11 ENSEANZA DE LA MATEMATICA                          GM            2   
         5          6          0          0                                     
                                                                                
        12 ANALISIS COMPLEJO                                  GM            4   
         2        4.5          3          0                                     
                                                                                

       CAS A                                                  T           CUR   
---------- -------------------------------------------------- ---- ----------   
       CAR         CT         CP         CL                                     
---------- ---------- ---------- ----------                                     
        13 ESTADISTICA                                        GII           3   
         7          0          0          0                                     
                                                                                

13 rows selected.

SQL> 
SQL> 
SQL> 
SQL> REM 14
SQL> UPDATE VISTA1
  2  SET CAR=6
  3  WHERE CAS=13;

1 row updated.

SQL> 
SQL> 
SQL> 
SQL> REM 15
SQL> SELECT * FROM VISTA1;

       CAS A                                                  T           CUR   
---------- -------------------------------------------------- ---- ----------   
       CAR                                                                      
----------                                                                      
         1 BASE DE DATOS                                      GII           3   
         7                                                                      
                                                                                
         2 INTELIGENCIA ARTIFICIAL                            GII           3   
         4                                                                      
                                                                                
         3 ALMACENES DE DATOS                                 MII           1   
         7                                                                      
                                                                                

       CAS A                                                  T           CUR   
---------- -------------------------------------------------- ---- ----------   
       CAR                                                                      
----------                                                                      
         4 MINERIA DE DATOS                                   MII           1   
         7                                                                      
                                                                                
         5 INFORMATICA BASICA                                 GII           1   
         7                                                                      
                                                                                
         6 ALGEBRA                                            GII           1   
         1                                                                      
                                                                                

       CAS A                                                  T           CUR   
---------- -------------------------------------------------- ---- ----------   
       CAR                                                                      
----------                                                                      
         7 CALCULO                                            GII           1   
         8                                                                      
                                                                                
         8 OPTIMIZACION                                       GII           1   
         6                                                                      
                                                                                
         9 GESTION DE RIESGOS                                 GII           3   
         4                                                                      
                                                                                

       CAS A                                                  T           CUR   
---------- -------------------------------------------------- ---- ----------   
       CAR                                                                      
----------                                                                      
        10 ASTRONOMIA                                         GF            2   
         3                                                                      
                                                                                
        11 ENSEANZA DE LA MATEMATICA                          GM            2   
         5                                                                      
                                                                                
        12 ANALISIS COMPLEJO                                  GM            4   
         2                                                                      
                                                                                

       CAS A                                                  T           CUR   
---------- -------------------------------------------------- ---- ----------   
       CAR                                                                      
----------                                                                      
        13 ESTADISTICA                                        GII           3   
         6                                                                      
                                                                                

13 rows selected.

SQL> 
SQL> 
SQL> 
SQL> 
SQL> REM 16
SQL> CONCLUSION: QUE LA VISTA ES ACTUALIZABLE
SP2-0734: unknown command beginning "CONCLUSION..." - rest of line ignored.
SQL> REM 16 CONCLUSION: QUE LA VISTA ES ACTUALIZABLE
SQL> 
SQL> 
SQL> 
SQL> 
SQL> REM 17
SQL> CREATE VIEW VISTA2
  2  
SQL> 
SQL> 
SQL> SPOOL OFF
SQL> ;
SP2-0223: No lines in SQL buffer.
SQL> REM 17
SQL> CREATE VIEW VISTA2
  2  AS (SELECT DNI, A, T, CUR, CAR
  3  FROM PLAN_DOCENTE NATURAL JOIN VISTA1);

View created.

SQL> 
SQL> 
SQL> REM 18
SQL> SELECT * FROM VISTA2
  2  ;

       DNI A                                                  T           CUR   
---------- -------------------------------------------------- ---- ----------   
       CAR                                                                      
----------                                                                      
      1010 INTELIGENCIA ARTIFICIAL                            GII           3   
         4                                                                      
                                                                                
      1010 GESTION DE RIESGOS                                 GII           3   
         4                                                                      
                                                                                
      1010 GESTION DE RIESGOS                                 GII           3   
         4                                                                      
                                                                                

       DNI A                                                  T           CUR   
---------- -------------------------------------------------- ---- ----------   
       CAR                                                                      
----------                                                                      
      1111 OPTIMIZACION                                       GII           1   
         6                                                                      
                                                                                
      1111 OPTIMIZACION                                       GII           1   
         6                                                                      
                                                                                
      2020 ALMACENES DE DATOS                                 MII           1   
         7                                                                      
                                                                                

       DNI A                                                  T           CUR   
---------- -------------------------------------------------- ---- ----------   
       CAR                                                                      
----------                                                                      
      2222 ALMACENES DE DATOS                                 MII           1   
         7                                                                      
                                                                                
      2222 MINERIA DE DATOS                                   MII           1   
         7                                                                      
                                                                                
      3030 OPTIMIZACION                                       GII           1   
         6                                                                      
                                                                                

       DNI A                                                  T           CUR   
---------- -------------------------------------------------- ---- ----------   
       CAR                                                                      
----------                                                                      
      3333 INTELIGENCIA ARTIFICIAL                            GII           3   
         4                                                                      
                                                                                
      3333 GESTION DE RIESGOS                                 GII           3   
         4                                                                      
                                                                                
      4444 BASE DE DATOS                                      GII           3   
         7                                                                      
                                                                                

       DNI A                                                  T           CUR   
---------- -------------------------------------------------- ---- ----------   
       CAR                                                                      
----------                                                                      
      4444 MINERIA DE DATOS                                   MII           1   
         7                                                                      
                                                                                
      4444 INFORMATICA BASICA                                 GII           1   
         7                                                                      
                                                                                
      5555 ALGEBRA                                            GII           1   
         1                                                                      
                                                                                

       DNI A                                                  T           CUR   
---------- -------------------------------------------------- ---- ----------   
       CAR                                                                      
----------                                                                      
      6666 ASTRONOMIA                                         GF            2   
         3                                                                      
                                                                                
      7777 ANALISIS COMPLEJO                                  GM            4   
         2                                                                      
                                                                                
      8888 ENSEANZA DE LA MATEMATICA                          GM            2   
         5                                                                      
                                                                                

       DNI A                                                  T           CUR   
---------- -------------------------------------------------- ---- ----------   
       CAR                                                                      
----------                                                                      
      9999 CALCULO                                            GII           1   
         8                                                                      
                                                                                

19 rows selected.

SQL> 
SQL> 
SQL> 
SQL> 
SQL> REM 19
SQL> UPDATE VISTA2
  2  SET A='ENSENANZA DE LA MATEMATICA'
  3  WHERE DNI=8888 AND CUR=2 AND CAR=5;
SET A='ENSENANZA DE LA MATEMATICA'
    *
ERROR at line 2:
ORA-01779: cannot modify a column which maps to a non key-preserved table 


SQL> SET LINESIZE 180
SQL> SELECT * FROM VISTA2;

       DNI A                                                  T           CUR        CAR                                                                                            
---------- -------------------------------------------------- ---- ---------- ----------                                                                                            
      1010 INTELIGENCIA ARTIFICIAL                            GII           3          4                                                                                            
      1010 GESTION DE RIESGOS                                 GII           3          4                                                                                            
      1010 GESTION DE RIESGOS                                 GII           3          4                                                                                            
      1111 OPTIMIZACION                                       GII           1          6                                                                                            
      1111 OPTIMIZACION                                       GII           1          6                                                                                            
      2020 ALMACENES DE DATOS                                 MII           1          7                                                                                            
      2222 ALMACENES DE DATOS                                 MII           1          7                                                                                            
      2222 MINERIA DE DATOS                                   MII           1          7                                                                                            
      3030 OPTIMIZACION                                       GII           1          6                                                                                            
      3333 INTELIGENCIA ARTIFICIAL                            GII           3          4                                                                                            
      3333 GESTION DE RIESGOS                                 GII           3          4                                                                                            

       DNI A                                                  T           CUR        CAR                                                                                            
---------- -------------------------------------------------- ---- ---------- ----------                                                                                            
      4444 BASE DE DATOS                                      GII           3          7                                                                                            
      4444 MINERIA DE DATOS                                   MII           1          7                                                                                            
      4444 INFORMATICA BASICA                                 GII           1          7                                                                                            
      5555 ALGEBRA                                            GII           1          1                                                                                            
      6666 ASTRONOMIA                                         GF            2          3                                                                                            
      7777 ANALISIS COMPLEJO                                  GM            4          2                                                                                            
      8888 ENSEANZA DE LA MATEMATICA                          GM            2          5                                                                                            
      9999 CALCULO                                            GII           1          8                                                                                            

19 rows selected.

SQL> EXIT
SQL> ;
SP2-0223: No lines in SQL buffer.
SQL> REM 19 EXPLICACION: PORQUE AL HACER LA VISTA SOBRE LA YUNCION DE DOS TABLAS LA NUEVA VISTA NO ES ACTUALIZABLE. ADEMAS, LA CLAVE PRIMARIA DE LA TABLA QUE DEBE SER MODIFICADA (EN ESTE CASO ASIGNATURA) NO APARECE EN LA VISTA POR TANTO NO PUEDE SER ACTUALIZADA.
SQL> 
SQL> 
SQL> 
SQL> REM 20
SQL> DESCRIBE VISTA2;
 Name                                      Null?    Type
 ----------------------------------------- -------- ----------------------------
 DNI                                       NOT NULL NUMBER(8)
 A                                         NOT NULL VARCHAR2(50)
 T                                         NOT NULL VARCHAR2(4)
 CUR                                                NUMBER(1)
 CAR                                                NUMBER(3)

SQL> 
SQL> 
SQL> 
SQL> 
SQL> REM 22
SQL> SELECT * FROM VISTA2;

       DNI A                                                  T           CUR   
---------- -------------------------------------------------- ---- ----------   
       CAR                                                                      
----------                                                                      
      1010 INTELIGENCIA ARTIFICIAL                            GII           3   
         4                                                                      
                                                                                
      1010 GESTION DE RIESGOS                                 GII           3   
         4                                                                      
                                                                                
      1010 GESTION DE RIESGOS                                 GII           3   
         4                                                                      
                                                                                

       DNI A                                                  T           CUR   
---------- -------------------------------------------------- ---- ----------   
       CAR                                                                      
----------                                                                      
      1111 OPTIMIZACION                                       GII           1   
         6                                                                      
                                                                                
      1111 OPTIMIZACION                                       GII           1   
         6                                                                      
                                                                                
      2020 ALMACENES DE DATOS                                 MII           1   
         7                                                                      
                                                                                

       DNI A                                                  T           CUR   
---------- -------------------------------------------------- ---- ----------   
       CAR                                                                      
----------                                                                      
      2222 ALMACENES DE DATOS                                 MII           1   
         7                                                                      
                                                                                
      2222 MINERIA DE DATOS                                   MII           1   
         7                                                                      
                                                                                
      3030 OPTIMIZACION                                       GII           1   
         6                                                                      
                                                                                

       DNI A                                                  T           CUR   
---------- -------------------------------------------------- ---- ----------   
       CAR                                                                      
----------                                                                      
      3333 INTELIGENCIA ARTIFICIAL                            GII           3   
         4                                                                      
                                                                                
      3333 GESTION DE RIESGOS                                 GII           3   
         4                                                                      
                                                                                
      4444 BASE DE DATOS                                      GII           3   
         7                                                                      
                                                                                

       DNI A                                                  T           CUR   
---------- -------------------------------------------------- ---- ----------   
       CAR                                                                      
----------                                                                      
      4444 MINERIA DE DATOS                                   MII           1   
         7                                                                      
                                                                                
      4444 INFORMATICA BASICA                                 GII           1   
         7                                                                      
                                                                                
      5555 ALGEBRA                                            GII           1   
         1                                                                      
                                                                                

       DNI A                                                  T           CUR   
---------- -------------------------------------------------- ---- ----------   
       CAR                                                                      
----------                                                                      
      6666 ASTRONOMIA                                         GF            2   
         3                                                                      
                                                                                
      7777 ANALISIS COMPLEJO                                  GM            4   
         2                                                                      
                                                                                
      8888 ENSEANZA DE LA MATEMATICA                          GM            2   
         5                                                                      
                                                                                

       DNI A                                                  T           CUR   
---------- -------------------------------------------------- ---- ----------   
       CAR                                                                      
----------                                                                      
      9999 CALCULO                                            GII           1   
         8                                                                      
                                                                                

19 rows selected.

SQL> SET LINESIZE 200
SQL> SELECT * FROM VISTA2;

       DNI A                                                  T           CUR        CAR                                                                                                                
---------- -------------------------------------------------- ---- ---------- ----------                                                                                                                
      1010 INTELIGENCIA ARTIFICIAL                            GII           3          4                                                                                                                
      1010 GESTION DE RIESGOS                                 GII           3          4                                                                                                                
      1010 GESTION DE RIESGOS                                 GII           3          4                                                                                                                
      1111 OPTIMIZACION                                       GII           1          6                                                                                                                
      1111 OPTIMIZACION                                       GII           1          6                                                                                                                
      2020 ALMACENES DE DATOS                                 MII           1          7                                                                                                                
      2222 ALMACENES DE DATOS                                 MII           1          7                                                                                                                
      2222 MINERIA DE DATOS                                   MII           1          7                                                                                                                
      3030 OPTIMIZACION                                       GII           1          6                                                                                                                
      3333 INTELIGENCIA ARTIFICIAL                            GII           3          4                                                                                                                
      3333 GESTION DE RIESGOS                                 GII           3          4                                                                                                                

       DNI A                                                  T           CUR        CAR                                                                                                                
---------- -------------------------------------------------- ---- ---------- ----------                                                                                                                
      4444 BASE DE DATOS                                      GII           3          7                                                                                                                
      4444 MINERIA DE DATOS                                   MII           1          7                                                                                                                
      4444 INFORMATICA BASICA                                 GII           1          7                                                                                                                
      5555 ALGEBRA                                            GII           1          1                                                                                                                
      6666 ASTRONOMIA                                         GF            2          3                                                                                                                
      7777 ANALISIS COMPLEJO                                  GM            4          2                                                                                                                
      8888 ENSEANZA DE LA MATEMATICA                          GM            2          5                                                                                                                
      9999 CALCULO                                            GII           1          8                                                                                                                

19 rows selected.

SQL> 
SQL> 
SQL> 
SQL> 
SQL> 
SQL> REM 23
SQL> ROLLBACK WORK;

Rollback complete.

SQL> SELECT * FROM VISTA1;

       CAS A                                                  T           CUR        CAR                                                                                                                
---------- -------------------------------------------------- ---- ---------- ----------                                                                                                                
         1 BASE DE DATOS                                      GII           3          7                                                                                                                
         2 INTELIGENCIA ARTIFICIAL                            GII           3          4                                                                                                                
         3 ALMACENES DE DATOS                                 MII           1          7                                                                                                                
         4 MINERIA DE DATOS                                   MII           1          7                                                                                                                
         5 INFORMATICA BASICA                                 GII           1          7                                                                                                                
         6 ALGEBRA                                            GII           1          1                                                                                                                
         7 CALCULO                                            GII           1          8                                                                                                                
         8 OPTIMIZACION                                       GII           1          6                                                                                                                
         9 GESTION DE RIESGOS                                 GII           3          4                                                                                                                
        10 ASTRONOMIA                                         GF            2          3                                                                                                                
        11 ENSEANZA DE LA MATEMATICA                          GM            2          5                                                                                                                

       CAS A                                                  T           CUR        CAR                                                                                                                
---------- -------------------------------------------------- ---- ---------- ----------                                                                                                                
        12 ANALISIS COMPLEJO                                  GM            4          2                                                                                                                
        13 ESTADISTICA                                        GII           3          6                                                                                                                

13 rows selected.

SQL> REM 21
SQL> 
SQL> 
SQL> 
SQL> 
SQL> 
SQL> REM 21
SQL> DROP VIEW VISTA1;

View dropped.

SQL> SELECT * FROM VISTA1;
SELECT * FROM VISTA1
              *
ERROR at line 1:
ORA-00942: table or view does not exist 


SQL> ROLLBACK WORK;

Rollback complete.

SQL> SELECT * FROM VISTA1;
SELECT * FROM VISTA1
              *
ERROR at line 1:
ORA-00942: table or view does not exist 


SQL> 
SQL> 
SQL> 
SQL> 
SQL> 
SQL> REM 23
SQL> REM NO SE PUEDE RECUPERAR LA VISTA YA QUE SE CREO DESPUES DEL ULTIMO COMMIT POR TANTO CUANDO HACEMOS EL ROLLBACK VOLVEMOS A UN ESTADO EN EL QUE NI LA HEMOS CREADO.
SQL> 
SQL> 
SQL> 
SQL> 
SQL> 
SQL> 
SQL> REM 24
SQL> CREATE INDEX INDICE1
  2  ON PROFESOR(T);
ON PROFESOR(T)
            *
ERROR at line 2:
ORA-00904: "T": invalid identifier 


SQL> ON PROFESOR(P);
SP2-0734: unknown command beginning "ON PROFESO..." - rest of line ignored.
SQL> 
SQL> 
SQL> 
SQL> CREATE INDEX INDICE1
  2  ON PROFESOR(P);

Index created.

SQL> 
SQL> 
SQL> 
SQL> 
SQL> 
SQL> REM 24 PARTE2
SQL> SELECT DNI FROM PROFESOR
  2  WHERE
  3  
SQL> 
SQL> 
SQL> 
SQL> SELECT DNI FROM PROFESOR
  2  WHERE P='JUAN'
  3  ;

       DNI                                                                                                                                                                                              
----------                                                                                                                                                                                              
      1111                                                                                                                                                                                              

SQL> 
SQL> 
SQL> 
SQL> 
SQL> REM 25
SQL> DROP INDEX INDICE1;

Index dropped.

SQL> 
SQL> 
SQL> 
SQL> 
SQL> 
SQL> 
SQL> REM 26
SQL> SELECT * FROM VISTA1;
SELECT * FROM VISTA1
              *
ERROR at line 1:
ORA-00942: table or view does not exist 


SQL> 
SQL> 
SQL> 
SQL> 
SQL> 
SQL> REM 26
SQL> 
SQL> CREATE INDEX INDICE2
  2  ON VISTA1(CAR);
ON VISTA1(CAR)
   *
ERROR at line 2:
ORA-00942: table or view does not exist 


SQL> REM EVIDENTEMENTE NO SE PUEDE CREAR EL INDICE PORQUE LA VISTA NO EXISTE
SQL> 
SQL> 
SQL> 
SQL> 
SQL> 
SQL> REM 27
SQL> GRANT SELECT
  2  ON DEPARTAMENTO, AREA, ASIGNATURA, TITULACION
  3  TO ALUMNO;
ON DEPARTAMENTO, AREA, ASIGNATURA, TITULACION
               *
ERROR at line 2:
ORA-00990: missing or invalid privilege 


SQL> 
SQL> 
SQL> GRANT SELECT
  2  ON DEPARTAMENTO
  3  TO ALUMNO;

Grant succeeded.

SQL> GRANT SELECT
  2  ON &tabla
  3  TO ALUMNO;
Enter value for tabla: AREA
old   2: ON &tabla
new   2: ON AREA

Grant succeeded.

SQL> RUN
  1  GRANT SELECT
  2  ON &tabla
  3* TO ALUMNO
Enter value for tabla: ASIGNATURA
old   2: ON &tabla
new   2: ON ASIGNATURA

Grant succeeded.

SQL> RUN
  1  GRANT SELECT
  2  ON &tabla
  3* TO ALUMNO
Enter value for tabla: TITULACION
old   2: ON &tabla
new   2: ON TITULACION

Grant succeeded.

SQL> 
SQL> 
SQL> 
SQL> 
SQL> 
SQL> 
SQL> REM 28
SQL> GRANT INSERT
  2  ON &TABLA
  3  TO ALUMNO;
Enter value for tabla: DEPARTAMENTO
old   2: ON &TABLA
new   2: ON DEPARTAMENTO

Grant succeeded.

SQL> GRANT INSERT, UPDATE, DELETE
  2  ON &TABLA
  3  TO ALUMNO;
Enter value for tabla: DEPARTAMENTO
old   2: ON &TABLA
new   2: ON DEPARTAMENTO

Grant succeeded.

SQL> 
SQL> RUN
  1  GRANT INSERT, UPDATE, DELETE
  2  ON &TABLA
  3* TO ALUMNO
Enter value for tabla: AREA
old   2: ON &TABLA
new   2: ON AREA

Grant succeeded.

SQL> GRANT UPDATE
  2  ON &TABLA
  3  TO ALUMNO
  4  ;
Enter value for tabla: ASIGNATURA
old   2: ON &TABLA
new   2: ON ASIGNATURA

Grant succeeded.

SQL> 
SQL> RUN
  1  GRANT UPDATE
  2  ON &TABLA
  3  TO ALUMNO
  4* 
Enter value for tabla: TITULACION
old   2: ON &TABLA
new   2: ON TITULACION

Grant succeeded.

SQL> 
SQL> 
SQL> 
SQL> REM 29
SQL> COMMIT WORK;

Commit complete.

SQL> 
SQL> 
SQL> 
SQL> 
SQL> CONNECT ALUMNO;
ERROR:
ORA-12162: TNS:net service name is incorrectly specified 


Warning: You are no longer connected to ORACLE.
SQL> 
SQL> 
SQL> CONNECT ALUMNO@EXTHOST.ETSII.ULL.ES
ERROR:
ORA-12541: TNS:no listener 


SQL> 
SQL> 
SQL> 
SQL> SPOOL OFF
