SQL> ;
  1  SELECT A
  2  FROM ASIGNATURA NATURAL JOIN AREA
  3* WHERE (AR LIKE 'A%')
SQL> SELECT A
  2  FROM ASIGNATURA NATURAL JOIN AREA
  3  WHERE (AR LIKE 'A%');

A                                                                               
--------------------------------------------------                              
ALGEBRA                                                                         
ANALISIS COMPLEJO                                                               
ASTRONOMIA                                                                      

SQL> SELECT A
  2  FROM ASIGNATURA NATURAL JOIN AREA
  3  WHERE (AR LIKE '%A');

A                                                                               
--------------------------------------------------                              
ALGEBRA                                                                         
ASTRONOMIA                                                                      
ENSEANZA DE LA MATEMATICA                                                       
OPTIMIZACION                                                                    
INFORMATICA BASICA                                                              
MINERIA DE DATOS                                                                
ALMACENES DE DATOS                                                              
BASE DE DATOS                                                                   

8 rows selected.

SQL> SELECT A
  2  FROM ASIGNATURA
  3  WHERE (A LIKE '%DATOS%');

A                                                                               
--------------------------------------------------                              
BASE DE DATOS                                                                   
ALMACENES DE DATOS                                                              
MINERIA DE DATOS                                                                

SQL> SELECT DNI
  2  FROM PROFESOR
  3  WHERE (P LIKE '__R%');

       DNI                                                                      
----------                                                                      
      2222                                                                      
      4444                                                                      
      6666                                                                      
      7777                                                                      

SQL> SELECT DISTINCT DNI
  2  FROM PROFESOR
  3  WHERE LENGTH(P)<=5;

       DNI                                                                      
----------                                                                      
      1111                                                                      
      3333                                                                      
      4444                                                                      
      5555                                                                      
      7777                                                                      
      1010                                                                      

6 rows selected.

SQL> SELECT DISTINCT DNI
  2  FROM PROFESOR
  3  WHERE LENGTH(P)>=5;

       DNI                                                                      
----------                                                                      
      2222                                                                      
      3333                                                                      
      4444                                                                      
      6666                                                                      
      7777                                                                      
      8888                                                                      
      9999                                                                      
      1010                                                                      
      2020                                                                      
      3030                                                                      

10 rows selected.

SQL> SELECT DISTINCT DNI
  2  FROM PROFESOR
  3  
SQL> SELECT P
  2  FROM PROFESOR NATURAL JOIN PLAN_DOCENTE
  3  WHERE CAS IS NOT NULL;

P                                                                               
------------------------------------------------------------                    
DAVID                                                                           
DAVID                                                                           
DAVID                                                                           
JUAN                                                                            
JUAN                                                                            
SOLEDAD                                                                         
CARLOS                                                                          
CARLOS                                                                          
JOSE MANUEL                                                                     
PEDRO                                                                           
PEDRO                                                                           

P                                                                               
------------------------------------------------------------                    
MARIA                                                                           
MARIA                                                                           
MARIA                                                                           
IVAN                                                                            
CARMEN                                                                          
MARIO                                                                           
FRANCISCO                                                                       
ANGELA                                                                          

19 rows selected.

SQL> SELECT DISTINCT P
  2  FROM PROFESOR NATURAL JOIN PLAN_DOCENTE
  3  WHERE CAS IS NOT NULL;

P                                                                               
------------------------------------------------------------                    
MARIO                                                                           
JUAN                                                                            
PEDRO                                                                           
FRANCISCO                                                                       
SOLEDAD                                                                         
DAVID                                                                           
CARLOS                                                                          
IVAN                                                                            
CARMEN                                                                          
MARIA                                                                           
JOSE MANUEL                                                                     

P                                                                               
------------------------------------------------------------                    
ANGELA                                                                          

12 rows selected.

SQL> SELECT DISTINCT P
  2  FROM PROFESOR NATURAL JOIN PLAN_DOCENTE
  3  WHERE CAS=8;

P                                                                               
------------------------------------------------------------                    
JUAN                                                                            
JOSE MANUEL                                                                     

SQL> 
SQL> 
SQL> SELECT *
  2  FROM PLAN_DOCENTE
  3  ORDER BY FF ASC;

       DNI        CAS        CTA        CPA        CLA FI        FF             
---------- ---------- ---------- ---------- ---------- --------- ---------      
      2222          3        1.5          0        1.5 01-SEP-06 31-AUG-07      
      1010          2        1.5        1.5          3 01-SEP-05 31-AUG-08      
      1010          9          3          0          3 01-SEP-08 31-AUG-09      
      1111          8          3        1.5        1.5 01-SEP-07 31-AUG-09      
      4444          4        1.5          0        1.5 01-SEP-08 31-AUG-10      
      6666         10          3        1.5        1.5 01-SEP-08 31-AUG-11      
      9999          7          3          3          0 01-SEP-10                
      5555          6          3          3          0 31-MAR-10                
      8888         11          6          0          0 01-SEP-09                
      2020          3        1.5          0        1.5 01-SEP-08                
      7777         12        4.5          3          0 01-SEP-10                

       DNI        CAS        CTA        CPA        CLA FI        FF             
---------- ---------- ---------- ---------- ---------- --------- ---------      
      3333          9        1.5          0        1.5 01-SEP-09                
      1010          9        1.5          0        1.5 01-SEP-09                
      3333          2        1.5        1.5          3 01-SEP-08                
      2222          4        1.5          0        1.5 01-SEP-09                
      3030          8          0        1.5        1.5 01-SEP-09                
      1111          8          3          0          0 01-SEP-09                
      4444          1          3        1.5        1.5 01-SEP-11                
      4444          5          3          0          0 01-SEP-10                

19 rows selected.

SQL> SELECT *
  2  FROM PLAN_DOCENTE
  3  ORDER BY FF ASC;

       DNI        CAS        CTA        CPA        CLA FI        FF             
---------- ---------- ---------- ---------- ---------- --------- ---------      
      2222          3        1.5          0        1.5 01-SEP-06 31-AUG-07      
      1010          2        1.5        1.5          3 01-SEP-05 31-AUG-08      
      1010          9          3          0          3 01-SEP-08 31-AUG-09      
      1111          8          3        1.5        1.5 01-SEP-07 31-AUG-09      
      4444          4        1.5          0        1.5 01-SEP-08 31-AUG-10      
      6666         10          3        1.5        1.5 01-SEP-08 31-AUG-11      
      9999          7          3          3          0 01-SEP-10                
      5555          6          3          3          0 31-MAR-10                
      8888         11          6          0          0 01-SEP-09                
      2020          3        1.5          0        1.5 01-SEP-08                
      7777         12        4.5          3          0 01-SEP-10                

       DNI        CAS        CTA        CPA        CLA FI        FF             
---------- ---------- ---------- ---------- ---------- --------- ---------      
      3333          9        1.5          0        1.5 01-SEP-09                
      1010          9        1.5          0        1.5 01-SEP-09                
      3333          2        1.5        1.5          3 01-SEP-08                
      2222          4        1.5          0        1.5 01-SEP-09                
      3030          8          0        1.5        1.5 01-SEP-09                
      1111          8          3          0          0 01-SEP-09                
      4444          1          3        1.5        1.5 01-SEP-11                
      4444          5          3          0          0 01-SEP-10                

19 rows selected.

SQL> REM 10
SQL> SELECT *
  2  FROM PLAN_DOCENTE
  3  ORDER BY FF DESC;

       DNI        CAS        CTA        CPA        CLA FI        FF             
---------- ---------- ---------- ---------- ---------- --------- ---------      
      4444          5          3          0          0 01-SEP-10                
      3333          9        1.5          0        1.5 01-SEP-09                
      7777         12        4.5          3          0 01-SEP-10                
      2020          3        1.5          0        1.5 01-SEP-08                
      8888         11          6          0          0 01-SEP-09                
      5555          6          3          3          0 31-MAR-10                
      4444          1          3        1.5        1.5 01-SEP-11                
      1111          8          3          0          0 01-SEP-09                
      3030          8          0        1.5        1.5 01-SEP-09                
      2222          4        1.5          0        1.5 01-SEP-09                
      3333          2        1.5        1.5          3 01-SEP-08                

       DNI        CAS        CTA        CPA        CLA FI        FF             
---------- ---------- ---------- ---------- ---------- --------- ---------      
      1010          9        1.5          0        1.5 01-SEP-09                
      9999          7          3          3          0 01-SEP-10                
      6666         10          3        1.5        1.5 01-SEP-08 31-AUG-11      
      4444          4        1.5          0        1.5 01-SEP-08 31-AUG-10      
      1010          9          3          0          3 01-SEP-08 31-AUG-09      
      1111          8          3        1.5        1.5 01-SEP-07 31-AUG-09      
      1010          2        1.5        1.5          3 01-SEP-05 31-AUG-08      
      2222          3        1.5          0        1.5 01-SEP-06 31-AUG-07      

19 rows selected.

SQL> REM 11
SQL> SELECT DISTINCT P
  2  FROM PROFESOR NATURAL JOIN PLAN_DOCENTE
  3  WHERE CAS=8
  4  ORDER BY P ASC;

P                                                                               
------------------------------------------------------------                    
JOSE MANUEL                                                                     
JUAN                                                                            

SQL> REM 12
SQL> SELECT P
  2  FROM PROFESOR NATURAL JOIN AREA NATURAL JOIN DEPARTAMENTO
  3  WHERE D='MATEMATICAS FUNDAMENTAL';

no rows selected

SQL> SELECT P
  2  FROM PROFESOR NATURAL JOIN AREA NATURAL JOIN DEPARTAMENTO
  3  WHERE D='MATEMATICA FUNDAMENTAL';

P                                                                               
------------------------------------------------------------                    
IVAN                                                                            

SQL> REM 13
SQL> SELECT A
  2  FROM ASIGNATURA NATURAL JOIN PROFESOR
  3  WHERE DNI=1010;

A                                                                               
--------------------------------------------------                              
INTELIGENCIA ARTIFICIAL                                                         
GESTION DE RIESGOS                                                              

SQL> REM 13
SQL> SELECT A
  2  FROM ASIGNATURA NATURAL JOIN PROFESOR NATURAL JOIN PLAN_DOCENTE
  3  WHERE DNI=1010;

A                                                                               
--------------------------------------------------                              
INTELIGENCIA ARTIFICIAL                                                         
GESTION DE RIESGOS                                                              
GESTION DE RIESGOS                                                              

SQL> REM 14
SQL> SELECT A
  2  FROM ASIGNATURA NATURAL JOIN PROFESOR NATURAL JOIN PLAN_DOCENTE
  3  WHERE P='DAVID';

A                                                                               
--------------------------------------------------                              
INTELIGENCIA ARTIFICIAL                                                         
GESTION DE RIESGOS                                                              
GESTION DE RIESGOS                                                              

SQL> REM 15
SQL> SELECT AR
  2  FROM AREA NATURAL JOIN DEPARTAMENTO
  3  WHERE D='ESTADISTICA, INVESTIGACION OPERATIVA Y COMPUTACION';

AR                                                                              
------------------------------------------------------------                    
CIENCIAS DE LA COMPUTACION E INTELIGENCIA ARTIFICIAL                            
ESTADISTICA E INVESTIGACION OPERATIVA                                           
LENGUAJES Y SISTEMAS INFORMATICA                                                

SQL> REM 16
SQL> SELECT A
  2  FROM ASIGNATURA NATUAL JOIN PROFESOR NATURAL JOIN PLAN_DOCENTE
  3  WHERE CAT='CU';
WHERE CAT='CU'
*
ERROR at line 3:
ORA-00905: missing keyword 


SQL> SELECT A
  2  FROM ASIGNATURA NATURAL JOIN PROFESOR NATURAL JOIN PLAN_DOCENTE
  3  WHERE CAT='CU';

A                                                                               
--------------------------------------------------                              
ALMACENES DE DATOS                                                              
OPTIMIZACION                                                                    
OPTIMIZACION                                                                    

SQL> REM 17
SQL> REM 16
SQL> SELECT A
  2  FROM ASIGNATURA NATURAL JOIN PROFESOR NATURAL JOIN PLAN_DOCENTE
  3  WHERE CAT='CU' AND (FF IS NULL);

A                                                                               
--------------------------------------------------                              
OPTIMIZACION                                                                    
ALMACENES DE DATOS                                                              

SQL> REM 17
SQL> SELECT A
  2  FROM ASIGNATURA NATURAL JOIN PROFESOR NATURAL JOIN PLAN_DOCENTE
  3  WHERE CAT='CU';

A                                                                               
--------------------------------------------------                              
ALMACENES DE DATOS                                                              
OPTIMIZACION                                                                    
OPTIMIZACION                                                                    

SQL> SELECT A
  2  FROM ASIGNATURA NATURAL JOIN AREA
  3  WHERE AR IN ('LENGUAJES Y SISTEMAS INFORMATICOS', 'CIENCIAS DE LA COMPUTACION E INTELIGENCIA ARTIFICIAL');

A                                                                               
--------------------------------------------------                              
GESTION DE RIESGOS                                                              
INTELIGENCIA ARTIFICIAL                                                         

SQL> SELECT A
  2  FROM AREA NATURAL JOIN ASIGNATURA
  3  WHERE AR IN ('LENGUAJES Y SISTEMAS INFORMATICOS', 'CIENCIAS DE LA COMPUTACION E INTELIGENCIA ARTIFICIAL');

A                                                                               
--------------------------------------------------                              
GESTION DE RIESGOS                                                              
INTELIGENCIA ARTIFICIAL                                                         

SQL> SELECT A FROM ASIGNATURA NATURAL JOIN AREA
  2  WHERE AR IN ('LENGUAJES Y SISTEMAS INFORMATICOS', 'CIENCIAS DE LA COMPUTACION E INTELIGENCIA ARTIFICIAL');

A                                                                               
--------------------------------------------------                              
GESTION DE RIESGOS                                                              
INTELIGENCIA ARTIFICIAL                                                         

SQL> SPOOL OFF
